2026-01-31 10:24:45.209 +02:00 [WRN] Failed to determine the https port for redirect.
2026-01-31 10:24:46.626 +02:00 [INF] HTTP GET /api/v1/movies responded 401 in 1427.2817 ms
2026-01-31 10:25:03.658 +02:00 [INF] HTTP GET /api/v1/movies responded 401 in 6.3759 ms
2026-01-31 10:25:16.634 +02:00 [INF] HTTP POST /api/v1/auth/login responded 200 in 1366.4000 ms
2026-01-31 10:25:28.575 +02:00 [WRN] The query uses a row limiting operator ('Skip'/'Take') without an 'OrderBy' operator. This may lead to unpredictable results. If the 'Distinct' operator is used after 'OrderBy', then make sure to use the 'OrderBy' operator after 'Distinct' as the ordering would otherwise get erased.
2026-01-31 10:25:28.579 +02:00 [WRN] The query uses a row limiting operator ('Skip'/'Take') without an 'OrderBy' operator. This may lead to unpredictable results. If the 'Distinct' operator is used after 'OrderBy', then make sure to use the 'OrderBy' operator after 'Distinct' as the ordering would otherwise get erased.
2026-01-31 10:25:28.622 +02:00 [INF] HTTP GET /api/v1/movies responded 200 in 221.5787 ms
2026-01-31 10:41:36.080 +02:00 [WRN] Failed to determine the https port for redirect.
2026-01-31 10:41:38.609 +02:00 [INF] HTTP POST /api/v1/auth/login responded 200 in 2537.0640 ms
2026-01-31 10:42:07.654 +02:00 [WRN] The query uses a row limiting operator ('Skip'/'Take') without an 'OrderBy' operator. This may lead to unpredictable results. If the 'Distinct' operator is used after 'OrderBy', then make sure to use the 'OrderBy' operator after 'Distinct' as the ordering would otherwise get erased.
2026-01-31 10:42:07.658 +02:00 [WRN] The query uses a row limiting operator ('Skip'/'Take') without an 'OrderBy' operator. This may lead to unpredictable results. If the 'Distinct' operator is used after 'OrderBy', then make sure to use the 'OrderBy' operator after 'Distinct' as the ordering would otherwise get erased.
2026-01-31 10:42:07.695 +02:00 [INF] HTTP GET /api/v1/movies responded 200 in 264.6690 ms
2026-01-31 10:42:11.987 +02:00 [INF] HTTP GET /api/v1/movies responded 200 in 17.5753 ms
2026-01-31 10:42:22.459 +02:00 [INF] HTTP GET /api/v1/movies responded 200 in 13.3485 ms
2026-01-31 10:42:28.094 +02:00 [INF] HTTP GET /api/v1/movies responded 200 in 6.0486 ms
2026-01-31 11:19:18.882 +02:00 [WRN] Failed to determine the https port for redirect.
2026-01-31 11:19:20.625 +02:00 [INF] HTTP POST /api/v1/auth/register responded 200 in 1754.9569 ms
2026-01-31 11:19:35.436 +02:00 [WRN] The query uses a row limiting operator ('Skip'/'Take') without an 'OrderBy' operator. This may lead to unpredictable results. If the 'Distinct' operator is used after 'OrderBy', then make sure to use the 'OrderBy' operator after 'Distinct' as the ordering would otherwise get erased.
2026-01-31 11:19:35.440 +02:00 [WRN] The query uses a row limiting operator ('Skip'/'Take') without an 'OrderBy' operator. This may lead to unpredictable results. If the 'Distinct' operator is used after 'OrderBy', then make sure to use the 'OrderBy' operator after 'Distinct' as the ordering would otherwise get erased.
2026-01-31 11:19:35.481 +02:00 [INF] HTTP GET /api/v1/movies responded 200 in 267.0004 ms
2026-01-31 11:19:43.731 +02:00 [WRN] The query uses a row limiting operator ('Skip'/'Take') without an 'OrderBy' operator. This may lead to unpredictable results. If the 'Distinct' operator is used after 'OrderBy', then make sure to use the 'OrderBy' operator after 'Distinct' as the ordering would otherwise get erased.
2026-01-31 11:19:43.733 +02:00 [WRN] The query uses a row limiting operator ('Skip'/'Take') without an 'OrderBy' operator. This may lead to unpredictable results. If the 'Distinct' operator is used after 'OrderBy', then make sure to use the 'OrderBy' operator after 'Distinct' as the ordering would otherwise get erased.
2026-01-31 11:19:43.746 +02:00 [INF] HTTP GET /api/v1/movies responded 200 in 32.2819 ms
2026-01-31 11:19:59.736 +02:00 [WRN] The query uses a row limiting operator ('Skip'/'Take') without an 'OrderBy' operator. This may lead to unpredictable results. If the 'Distinct' operator is used after 'OrderBy', then make sure to use the 'OrderBy' operator after 'Distinct' as the ordering would otherwise get erased.
2026-01-31 11:19:59.739 +02:00 [WRN] The query uses a row limiting operator ('Skip'/'Take') without an 'OrderBy' operator. This may lead to unpredictable results. If the 'Distinct' operator is used after 'OrderBy', then make sure to use the 'OrderBy' operator after 'Distinct' as the ordering would otherwise get erased.
2026-01-31 11:19:59.833 +02:00 [INF] HTTP GET /api/v1/tickets responded 200 in 148.3424 ms
2026-01-31 11:20:23.544 +02:00 [INF] HTTP GET /api/v1/tickets/user/1 responded 200 in 38.2898 ms
2026-01-31 11:20:56.105 +02:00 [INF] HTTP DELETE /api/v1/tickets/3 responded 204 in 94.8472 ms
2026-01-31 11:21:00.172 +02:00 [INF] HTTP GET /api/v1/tickets/user/1 responded 200 in 12.1324 ms
2026-01-31 11:21:21.092 +02:00 [INF] HTTP DELETE /api/v1/tickets/3 responded 204 in 8.0049 ms
2026-01-31 11:21:24.143 +02:00 [INF] HTTP GET /api/v1/tickets/user/1 responded 200 in 3.7983 ms
2026-01-31 11:21:34.256 +02:00 [INF] HTTP GET /api/v1/movies responded 200 in 7.2076 ms
2026-01-31 11:21:42.694 +02:00 [INF] HTTP DELETE /api/v1/movies/3 responded 204 in 35.7692 ms
2026-01-31 11:21:45.916 +02:00 [INF] HTTP GET /api/v1/movies responded 200 in 3.4135 ms
